// Jest Snapshot v1, https://goo.gl/fbAQLP

exports[`renders correctly with defaults 1`] = `
Array [
  <View
    style={
      Object {
        "alignItems": "center",
        "paddingTop": 20,
      }
    }
  >
    <View
      accessible={true}
      focusable={true}
      onClick={[Function]}
      onResponderGrant={[Function]}
      onResponderMove={[Function]}
      onResponderRelease={[Function]}
      onResponderTerminate={[Function]}
      onResponderTerminationRequest={[Function]}
      onStartShouldSetResponder={[Function]}
      style={
        Object {
          "alignItems": "center",
          "backgroundColor": "#0984e3",
          "borderRadius": 30,
          "height": 50,
          "justifyContent": "center",
          "minWidth": 200,
          "opacity": 1,
        }
      }
    >
      <Text
        style={
          Object {
            "color": "#fff",
            "fontSize": 18,
          }
        }
      >
        Add new contact
      </Text>
    </View>
    <View
      style={
        Object {
          "padding": 10,
        }
      }
    >
      <TextInput
        allowFontScaling={true}
        onChangeText={[Function]}
        placeholder="Search by names and numbers:"
        rejectResponderTermination={true}
        style={
          Object {
            "backgroundColor": "#fafafb",
            "borderColor": "grey",
            "borderRadius": 20,
            "borderWidth": 0.5,
            "fontSize": 18,
            "marginVertical": 10,
            "paddingHorizontal": 20,
            "paddingVertical": 10,
            "width": 300,
          }
        }
        underlineColorAndroid="transparent"
        value=""
      />
    </View>
  </View>,
  <RCTScrollView
    ItemSeparatorComponent={[Function]}
    ListEmptyComponent={[Function]}
    data={Array []}
    disableVirtualization={false}
    getItem={[Function]}
    getItemCount={[Function]}
    horizontal={false}
    initialNumToRender={10}
    keyExtractor={[Function]}
    maxToRenderPerBatch={10}
    onContentSizeChange={[Function]}
    onEndReachedThreshold={2}
    onLayout={[Function]}
    onMomentumScrollEnd={[Function]}
    onScroll={[Function]}
    onScrollBeginDrag={[Function]}
    onScrollEndDrag={[Function]}
    removeClippedSubviews={false}
    renderItem={[Function]}
    scrollEventThrottle={50}
    stickyHeaderIndices={Array []}
    style={
      Object {
        "marginVertical": 10,
        "paddingHorizontal": 10,
      }
    }
    updateCellsBatchingPeriod={50}
    viewabilityConfigCallbackPairs={Array []}
    windowSize={21}
  >
    <View>
      <View
        style={Object {}}
      >
        <Text
          style={
            Object {
              "fontSize": 20,
              "marginBottom": 20,
              "textAlign": "center",
            }
          }
        >
          No contacts available!
        </Text>
        <View
          accessible={true}
          focusable={true}
          onClick={[Function]}
          onResponderGrant={[Function]}
          onResponderMove={[Function]}
          onResponderRelease={[Function]}
          onResponderTerminate={[Function]}
          onResponderTerminationRequest={[Function]}
          onStartShouldSetResponder={[Function]}
          style={
            Object {
              "alignItems": "center",
              "backgroundColor": "#0984e3",
              "borderRadius": 30,
              "height": 50,
              "justifyContent": "center",
              "minWidth": 200,
              "opacity": 1,
            }
          }
        >
          <Text
            style={
              Object {
                "color": "#fff",
                "fontSize": 18,
              }
            }
          >
            Add new contact
          </Text>
        </View>
      </View>
    </View>
  </RCTScrollView>,
]
`;
