// Jest Snapshot v1, https://goo.gl/fbAQLP

exports[`renders correctly with defaults 1`] = `
Array [
  <View
    style={
      Object {
        "alignItems": "center",
        "flexDirection": "row",
        "justifyContent": "space-between",
        "paddingHorizontal": 10,
        "paddingTop": 20,
      }
    }
  >
    <TextInput
      allowFontScaling={true}
      autoCorrect={false}
      onChangeText={[Function]}
      placeholder="Search by names and numbers:"
      rejectResponderTermination={true}
      style={
        Object {
          "backgroundColor": "#fafafb",
          "borderColor": "grey",
          "borderRadius": 20,
          "borderWidth": 0.5,
          "flex": 1,
          "fontSize": 18,
          "height": 45,
          "marginVertical": 10,
          "maxHeight": 45,
          "paddingHorizontal": 20,
          "paddingVertical": 10,
        }
      }
      underlineColorAndroid="transparent"
      value=""
    />
    <View
      accessible={true}
      focusable={true}
      onClick={[Function]}
      onResponderGrant={[Function]}
      onResponderMove={[Function]}
      onResponderRelease={[Function]}
      onResponderTerminate={[Function]}
      onResponderTerminationRequest={[Function]}
      onStartShouldSetResponder={[Function]}
      style={
        Object {
          "alignItems": "center",
          "backgroundColor": "#0984e3",
          "borderRadius": 30,
          "flexDirection": "row",
          "height": 40,
          "justifyContent": "center",
          "marginLeft": 20,
          "minWidth": 40,
          "opacity": 1,
        }
      }
    >
      <Text
        allowFontScaling={false}
        style={
          Array [
            Object {
              "color": undefined,
              "fontSize": 12,
            },
            Object {
              "color": "#fff",
              "fontSize": 18,
              "textAlign": "center",
            },
            Object {
              "fontFamily": "Fontisto",
              "fontStyle": "normal",
              "fontWeight": "normal",
            },
            Object {},
          ]
        }
      >
        
      </Text>
      <Text
        style={
          Object {
            "color": "#fff",
            "fontSize": 18,
          }
        }
      />
    </View>
  </View>,
  <RCTScrollView
    ItemSeparatorComponent={[Function]}
    ListEmptyComponent={[Function]}
    data={Array []}
    disableVirtualization={false}
    getItem={[Function]}
    getItemCount={[Function]}
    horizontal={false}
    initialNumToRender={10}
    keyExtractor={[Function]}
    maxToRenderPerBatch={10}
    onContentSizeChange={[Function]}
    onEndReachedThreshold={2}
    onLayout={[Function]}
    onMomentumScrollEnd={[Function]}
    onScroll={[Function]}
    onScrollBeginDrag={[Function]}
    onScrollEndDrag={[Function]}
    removeClippedSubviews={false}
    renderItem={[Function]}
    scrollEventThrottle={50}
    stickyHeaderIndices={Array []}
    style={
      Object {
        "marginVertical": 10,
        "paddingHorizontal": 10,
      }
    }
    updateCellsBatchingPeriod={50}
    viewabilityConfigCallbackPairs={Array []}
    windowSize={21}
  >
    <View>
      <View
        style={
          Object {
            "alignItems": "center",
            "justifyContent": "center",
            "marginTop": 50,
          }
        }
      >
        <Text
          allowFontScaling={false}
          style={
            Array [
              Object {
                "color": undefined,
                "fontSize": 12,
              },
              Object {
                "fontSize": 70,
                "marginBottom": 30,
              },
              Object {
                "fontFamily": "Fontisto",
                "fontStyle": "normal",
                "fontWeight": "normal",
              },
              Object {},
            ]
          }
        >
          
        </Text>
        <Text
          style={
            Object {
              "fontSize": 20,
              "marginBottom": 20,
              "textAlign": "center",
            }
          }
        >
          No contacts available!
        </Text>
        <View
          accessible={true}
          focusable={true}
          onClick={[Function]}
          onResponderGrant={[Function]}
          onResponderMove={[Function]}
          onResponderRelease={[Function]}
          onResponderTerminate={[Function]}
          onResponderTerminationRequest={[Function]}
          onStartShouldSetResponder={[Function]}
          style={
            Object {
              "alignItems": "center",
              "backgroundColor": "#0984e3",
              "borderRadius": 30,
              "height": 50,
              "justifyContent": "center",
              "minWidth": 200,
              "opacity": 1,
            }
          }
        >
          <Text
            style={
              Object {
                "color": "#fff",
                "fontSize": 18,
              }
            }
          >
            Add new contact
          </Text>
        </View>
      </View>
    </View>
  </RCTScrollView>,
]
`;
