// Jest Snapshot v1, https://goo.gl/fbAQLP

exports[`renders correctly with defaults 1`] = `
Array [
  <View
    style={
      Object {
        "alignItems": "center",
      }
    }
  >
    <Text
      style={
        Object {
          "fontSize": 20,
        }
      }
    >
      Country:
    </Text>
    <TextInput
      allowFontScaling={true}
      autoCorrect={false}
      onBlur={[Function]}
      onChangeText={[Function]}
      onSubmitEditing={[Function]}
      placeholder="Search your country"
      rejectResponderTermination={true}
      style={
        Object {
          "borderColor": "#ddd",
          "borderRadius": 20,
          "borderWidth": 1,
          "height": 40,
          "marginVertical": 10,
          "padding": 10,
          "paddingHorizontal": 20,
          "width": 180,
        }
      }
      underlineColorAndroid="transparent"
      value=""
    />
    <View
      style={
        Object {
          "marginBottom": 25,
        }
      }
    >
      <RNCPicker
        items={
          Array [
            Object {
              "label": "Select country",
              "textColor": undefined,
              "value": "",
            },
          ]
        }
        onChange={[Function]}
        selectedIndex={0}
        style={
          Array [
            Object {
              "height": 216,
            },
            Object {
              "height": 110,
              "width": 150,
            },
          ]
        }
      />
    </View>
  </View>,
  <View
    style={
      Object {
        "alignItems": "center",
      }
    }
  >
    <Text
      style={
        Object {
          "fontSize": 20,
        }
      }
    >
      Code:
    </Text>
    <Text
      style={
        Object {
          "fontSize": 20,
          "marginTop": 40,
          "textAlign": "center",
          "width": 150,
        }
      }
    >
      N/A
    </Text>
  </View>,
]
`;
