// Jest Snapshot v1, https://goo.gl/fbAQLP

exports[`renders correctly with defaults 1`] = `
<View
  accessible={true}
  focusable={true}
  onClick={[Function]}
  onResponderGrant={[Function]}
  onResponderMove={[Function]}
  onResponderRelease={[Function]}
  onResponderTerminate={[Function]}
  onResponderTerminationRequest={[Function]}
  onStartShouldSetResponder={[Function]}
  style={
    Object {
      "alignItems": "center",
      "backgroundColor": "#0984e3",
      "borderRadius": 30,
      "height": 50,
      "justifyContent": "center",
      "minWidth": 200,
      "opacity": 1,
    }
  }
>
  <Text
    style={
      Object {
        "color": "#fff",
        "fontSize": 18,
      }
    }
  >
    Button
  </Text>
</View>
`;
